******************************************************************************
             TMS320C2000 Linker PC v16.9.2                     
******************************************************************************
>> Linked Sat Jul 24 23:51:54 2021

OUTPUT FILE NAME:   <../test.out>
ENTRY POINT SYMBOL: "_c_int00"  address: 003f836b


MEMORY CONFIGURATION

         name            origin    length      used     unused   attr    fill
----------------------  --------  ---------  --------  --------  ----  --------
PAGE 0:
  ZONE6P                00100000   00008000  00000000  00008000  RWIX
  OTP                   003d7800   00000800  00000000  00000800  RWIX
  FLASH                 003d8000   0001fff6  00000000  0001fff6  RWIX
  BEGINFLASH            003f7ff6   00000002  00000000  00000002  RWIX
  CSM_PWL               003f7ff8   00000008  00000000  00000008  RWIX
  BEGINRAM              003f8000   00000002  00000002  00000000  RWIX
  RAMH0                 003f8002   00001ffe  000005e6  00001a18  RWIX
  BOOTROM               003ff000   00000fc0  00000000  00000fc0  RWIX
  RESET                 003fffc0   00000002  00000000  00000002  RWIX
  VECTORS               003fffc2   0000003e  00000000  0000003e  RWIX

PAGE 1:
  RAMM0M1               00000000   00000800  00000208  000005f8  RWIX
  DEV_EMU               00000880   00000180  000000d0  000000b0  RWIX
  FLASH_REGS            00000a80   00000060  00000008  00000058  RWIX
  CSM                   00000ae0   00000010  00000010  00000000  RWIX
  XINTF                 00000b20   00000020  00000020  00000000  RWIX
  CPU_TIMER0            00000c00   00000008  00000008  00000000  RWIX
  CPU_TIMER1            00000c08   00000008  00000008  00000000  RWIX
  CPU_TIMER2            00000c10   00000008  00000008  00000000  RWIX
  PIE_CTRL              00000ce0   00000020  0000001a  00000006  RWIX
  PIE_VECT              00000d00   00000100  00000100  00000000  RWIX
  ECANA                 00006000   00000040  00000034  0000000c  RWIX
  ECANA_LAM             00006040   00000040  00000040  00000000  RWIX
  ECANA_MOTS            00006080   00000040  00000040  00000000  RWIX
  ECANA_MOTO            000060c0   00000040  00000040  00000000  RWIX
  ECANA_MBOX            00006100   00000100  00000100  00000000  RWIX
  SYSTEM                00007010   00000020  00000020  00000000  RWIX
  SPIA                  00007040   00000010  00000010  00000000  RWIX
  SCIA                  00007050   00000010  00000010  00000000  RWIX
  XINTRUPT              00007070   00000010  00000010  00000000  RWIX
  GPIOMUX               000070c0   00000020  00000020  00000000  RWIX
  GPIODAT               000070e0   00000020  00000020  00000000  RWIX
  ADC                   00007100   00000020  0000001a  00000006  RWIX
  EVA                   00007400   00000040  00000032  0000000e  RWIX
  EVB                   00007500   00000040  00000032  0000000e  RWIX
  SCIB                  00007750   00000010  00000010  00000000  RWIX
  MCBSPA                00007800   00000040  00000025  0000001b  RWIX
  RAML0L1               00008000   00002000  0000012e  00001ed2  RWIX
  ZONE6D                00108000   00008000  00000000  00008000  RWIX


SECTION ALLOCATION MAP

 output                                  attributes/
section   page    origin      length       input sections
--------  ----  ----------  ----------   ----------------
codestart 
*          0    003f8000    00000002     
                  003f8000    00000002     DSP281x_CodeStartBranch.obj (codestart)

.text      0    003f8002    000005bc     
                  003f8002    0000014f     DSP281x_DefaultIsr.obj (.text:retain)
                  003f8151    00000086     DSP281x_SysCtrl.obj (.text)
                  003f81d7    00000074     MW_c28xx_csl.obj (.text)
                  003f824b    0000006a     DSP281x_CpuTimers.obj (.text)
                  003f82b5    0000005c     ert_main.obj (.text)
                  003f8311    0000005a     rts2800_ml.lib : fs_mpy28.obj (.text)
                  003f836b    00000054                    : boot28.obj (.text)
                  003f83bf    00000051     test.obj (.text)
                  003f8410    0000003c     c281xSchedulerTimer0.obj (.text)
                  003f844c    0000002b     c281xSchedulerTimer0.obj (.text:retain)
                  003f8477    00000029     rts2800_ml.lib : exit.obj (.text)
                  003f84a0    00000029                    : fs_tol28.obj (.text)
                  003f84c9    00000028     DSP281x_PieCtrl.obj (.text)
                  003f84f1    00000024     rts2800_ml.lib : cpy_tbl.obj (.text)
                  003f8515    00000020     DSP281x_PieVect.obj (.text)
                  003f8535    0000001d     rts2800_ml.lib : fs_tou28.obj (.text)
                  003f8552    0000001d                    : memcpy.obj (.text)
                  003f856f    0000001a                    : i_tofs28.obj (.text)
                  003f8589    00000019                    : args_main.obj (.text)
                  003f85a2    00000009                    : _lock.obj (.text)
                  003f85ab    00000008     DSP281x_CodeStartBranch.obj (.text)
                  003f85b3    00000008     c281xBoard_Realtime_Support.obj (.text)
                  003f85bb    00000002     rts2800_ml.lib : pre_init.obj (.text)
                  003f85bd    00000001                    : startup.obj (.text)

.cinit     0    003f85be    00000026     
                  003f85be    0000000e     rts2800_ml.lib : exit.obj (.cinit)
                  003f85cc    0000000c     ert_main.obj (.cinit)
                  003f85d8    00000005     rts2800_ml.lib : _lock.obj (.cinit:__lock)
                  003f85dd    00000005                    : _lock.obj (.cinit:__unlock)
                  003f85e2    00000002     --HOLE-- [fill = 0]

ramfuncs   0    003f85e4    00000004     
                  003f85e4    00000004     DSP281x_usDelay.obj (ramfuncs)

.stack     1    00000000    00000200     UNINITIALIZED
                  00000000    00000200     --HOLE--

CsmPwlFile 
*          1    00000200    00000008     UNINITIALIZED
                  00000200    00000008     DSP281x_GlobalVariableDefs.obj (CsmPwlFile)

DevEmuRegsFile 
*          1    00000880    000000d0     UNINITIALIZED
                  00000880    000000d0     DSP281x_GlobalVariableDefs.obj (DevEmuRegsFile)

FlashRegsFile 
*          1    00000a80    00000008     UNINITIALIZED
                  00000a80    00000008     DSP281x_GlobalVariableDefs.obj (FlashRegsFile)

CsmRegsFile 
*          1    00000ae0    00000010     UNINITIALIZED
                  00000ae0    00000010     DSP281x_GlobalVariableDefs.obj (CsmRegsFile)

XintfRegsFile 
*          1    00000b20    00000020     UNINITIALIZED
                  00000b20    00000020     DSP281x_GlobalVariableDefs.obj (XintfRegsFile)

CpuTimer0RegsFile 
*          1    00000c00    00000008     UNINITIALIZED
                  00000c00    00000008     DSP281x_GlobalVariableDefs.obj (CpuTimer0RegsFile)

CpuTimer1RegsFile 
*          1    00000c08    00000008     UNINITIALIZED
                  00000c08    00000008     DSP281x_GlobalVariableDefs.obj (CpuTimer1RegsFile)

CpuTimer2RegsFile 
*          1    00000c10    00000008     UNINITIALIZED
                  00000c10    00000008     DSP281x_GlobalVariableDefs.obj (CpuTimer2RegsFile)

PieCtrlRegsFile 
*          1    00000ce0    0000001a     UNINITIALIZED
                  00000ce0    0000001a     DSP281x_GlobalVariableDefs.obj (PieCtrlRegsFile)

PieVectTableFile 
*          1    00000d00    00000100     UNINITIALIZED
                  00000d00    00000100     DSP281x_GlobalVariableDefs.obj (PieVectTableFile)

ECanaRegsFile 
*          1    00006000    00000034     UNINITIALIZED
                  00006000    00000034     DSP281x_GlobalVariableDefs.obj (ECanaRegsFile)

ECanaLAMRegsFile 
*          1    00006040    00000040     UNINITIALIZED
                  00006040    00000040     DSP281x_GlobalVariableDefs.obj (ECanaLAMRegsFile)

ECanaMOTSRegsFile 
*          1    00006080    00000040     UNINITIALIZED
                  00006080    00000040     DSP281x_GlobalVariableDefs.obj (ECanaMOTSRegsFile)

ECanaMOTORegsFile 
*          1    000060c0    00000040     UNINITIALIZED
                  000060c0    00000040     DSP281x_GlobalVariableDefs.obj (ECanaMOTORegsFile)

ECanaMboxesFile 
*          1    00006100    00000100     UNINITIALIZED
                  00006100    00000100     DSP281x_GlobalVariableDefs.obj (ECanaMboxesFile)

SysCtrlRegsFile 
*          1    00007010    00000020     UNINITIALIZED
                  00007010    00000020     DSP281x_GlobalVariableDefs.obj (SysCtrlRegsFile)

SpiaRegsFile 
*          1    00007040    00000010     UNINITIALIZED
                  00007040    00000010     DSP281x_GlobalVariableDefs.obj (SpiaRegsFile)

SciaRegsFile 
*          1    00007050    00000010     UNINITIALIZED
                  00007050    00000010     DSP281x_GlobalVariableDefs.obj (SciaRegsFile)

XIntruptRegsFile 
*          1    00007070    00000010     UNINITIALIZED
                  00007070    00000010     DSP281x_GlobalVariableDefs.obj (XIntruptRegsFile)

GpioMuxRegsFile 
*          1    000070c0    00000020     UNINITIALIZED
                  000070c0    00000020     DSP281x_GlobalVariableDefs.obj (GpioMuxRegsFile)

GpioDataRegsFile 
*          1    000070e0    00000020     UNINITIALIZED
                  000070e0    00000020     DSP281x_GlobalVariableDefs.obj (GpioDataRegsFile)

AdcRegsFile 
*          1    00007100    0000001a     UNINITIALIZED
                  00007100    0000001a     DSP281x_GlobalVariableDefs.obj (AdcRegsFile)

EvaRegsFile 
*          1    00007400    00000032     UNINITIALIZED
                  00007400    00000032     DSP281x_GlobalVariableDefs.obj (EvaRegsFile)

EvbRegsFile 
*          1    00007500    00000032     UNINITIALIZED
                  00007500    00000032     DSP281x_GlobalVariableDefs.obj (EvbRegsFile)

ScibRegsFile 
*          1    00007750    00000010     UNINITIALIZED
                  00007750    00000010     DSP281x_GlobalVariableDefs.obj (ScibRegsFile)

McbspaRegsFile 
*          1    00007800    00000025     UNINITIALIZED
                  00007800    00000025     DSP281x_GlobalVariableDefs.obj (McbspaRegsFile)

.bss       1    00008000    00000000     UNINITIALIZED

.econst    1    00008000    00000102     
                  00008000    00000100     DSP281x_PieVect.obj (.econst:_PieVectTableInit)
                  00008100    00000002     test.obj (.econst)

.data      1    00008000    00000000     UNINITIALIZED

.ebss      1    00008102    0000002c     UNINITIALIZED
                  00008102    00000018     DSP281x_CpuTimers.obj (.ebss)
                  0000811a    00000006     rts2800_ml.lib : exit.obj (.ebss)
                  00008120    00000006     test.obj (.ebss)
                  00008126    00000003     ert_main.obj (.ebss)
                  00008129    00000001     --HOLE--
                  0000812a    00000002     rts2800_ml.lib : _lock.obj (.ebss:__lock)
                  0000812c    00000002                    : _lock.obj (.ebss:__unlock)

.pinit     0    003f8002    00000000     UNINITIALIZED

.reset     0    003fffc0    00000002     DSECT
                  003fffc0    00000002     rts2800_ml.lib : boot28.obj (.reset)

MODULE SUMMARY

       Module                            code   initialized data   uninitialized data
       ------                            ----   ----------------   ------------------
    <current directory>
       DSP281x_GlobalVariableDefs.obj    0      0                  1401              
       DSP281x_DefaultIsr.obj            335    0                  0                 
       DSP281x_PieVect.obj               32     256                0                 
       DSP281x_SysCtrl.obj               134    0                  0                 
       DSP281x_CpuTimers.obj             106    0                  24                
       MW_c28xx_csl.obj                  116    0                  0                 
       ert_main.obj                      92     12                 3                 
       c281xSchedulerTimer0.obj          103    0                  0                 
       test.obj                          81     2                  6                 
       DSP281x_PieCtrl.obj               40     0                  0                 
       DSP281x_CodeStartBranch.obj       10     0                  0                 
       c281xBoard_Realtime_Support.obj   8      0                  0                 
       DSP281x_usDelay.obj               4      0                  0                 
    +--+---------------------------------+------+------------------+--------------------+
       Total:                            1061   270                1434              
                                                                                     
    C:/PROGRA~3/MATLAB/SUPPOR~1/R2018a/3P778C~1.INS/TIC200~1.INS/TI-CGT~1.LTS/lib/rts2800_ml.lib
       fs_mpy28.obj                      90     0                  0                 
       boot28.obj                        84     0                  0                 
       exit.obj                          41     14                 6                 
       fs_tol28.obj                      41     0                  0                 
       cpy_tbl.obj                       36     0                  0                 
       fs_tou28.obj                      29     0                  0                 
       memcpy.obj                        29     0                  0                 
       i_tofs28.obj                      26     0                  0                 
       args_main.obj                     25     0                  0                 
       _lock.obj                         9      10                 4                 
       pre_init.obj                      2      0                  0                 
       startup.obj                       1      0                  0                 
    +--+---------------------------------+------+------------------+--------------------+
       Total:                            413    24                 10                
                                                                                     
       Stack:                            0      0                  512               
    +--+---------------------------------+------+------------------+--------------------+
       Grand Total:                      1474   294                1956              


GLOBAL DATA SYMBOLS: SORTED BY DATA PAGE

address     data page           name
--------    ----------------    ----
00000000       0 (00000000)     __stack

00000200       8 (00000200)     _CsmPwl

00000880      22 (00000880)     _DevEmuRegs

00000a80      2a (00000a80)     _FlashRegs

00000ae0      2b (00000ac0)     _CsmRegs

00000b20      2c (00000b00)     _XintfRegs

00000c00      30 (00000c00)     _CpuTimer0Regs
00000c08      30 (00000c00)     _CpuTimer1Regs
00000c10      30 (00000c00)     _CpuTimer2Regs

00000ce0      33 (00000cc0)     _PieCtrlRegs

00000d00      34 (00000d00)     _PieVectTable

00006000     180 (00006000)     _ECanaRegs

00006040     181 (00006040)     _ECanaLAMRegs

00006080     182 (00006080)     _ECanaMOTSRegs

000060c0     183 (000060c0)     _ECanaMOTORegs

00006100     184 (00006100)     _ECanaMboxes

00007010     1c0 (00007000)     _SysCtrlRegs

00007040     1c1 (00007040)     _SpiaRegs
00007050     1c1 (00007040)     _SciaRegs
00007070     1c1 (00007040)     _XIntruptRegs

000070c0     1c3 (000070c0)     _GpioMuxRegs
000070e0     1c3 (000070c0)     _GpioDataRegs

00007100     1c4 (00007100)     _AdcRegs

00007400     1d0 (00007400)     _EvaRegs

00007500     1d4 (00007500)     _EvbRegs

00007750     1dd (00007740)     _ScibRegs

00007800     1e0 (00007800)     _McbspaRegs

00008000     200 (00008000)     _PieVectTableInit

00008100     204 (00008100)     _rtM
00008102     204 (00008100)     _CpuTimer1
0000810a     204 (00008100)     _CpuTimer2
00008112     204 (00008100)     _CpuTimer0
0000811a     204 (00008100)     ___TI_enable_exit_profile_output
0000811c     204 (00008100)     ___TI_cleanup_ptr
0000811e     204 (00008100)     ___TI_dtors_ptr
00008120     204 (00008100)     _rtM_
00008122     204 (00008100)     _rtDW
00008127     204 (00008100)     _stopRequested
00008128     204 (00008100)     _IsrOverrun
0000812a     204 (00008100)     __lock
0000812c     204 (00008100)     __unlock


GLOBAL SYMBOLS: SORTED ALPHABETICALLY BY Name 

page  address   name                            
----  -------   ----                            
1     00008000  .bss                            
1     00008000  .data                           
0     003f8002  .text                           
0     003f8477  C$$EXIT                         
0     003f8311  FS$$MPY                         
0     003f84a0  FS$$TOL                         
0     003f8535  FS$$TOU                         
0     003f856f  I$$TOFS                         
0     003f8075  _ADCINT_ISR                     
1     00007100  _AdcRegs                        
0     003f80bb  _CAPINT1_ISR                    
0     003f80c0  _CAPINT2_ISR                    
0     003f80c5  _CAPINT3_ISR                    
0     003f8101  _CAPINT4_ISR                    
0     003f8106  _CAPINT5_ISR                    
0     003f810b  _CAPINT6_ISR                    
0     003f8084  _CMP1INT_ISR                    
0     003f8089  _CMP2INT_ISR                    
0     003f808e  _CMP3INT_ISR                    
0     003f80ca  _CMP4INT_ISR                    
0     003f80cf  _CMP5INT_ISR                    
0     003f80d4  _CMP6INT_ISR                    
0     003f8284  _ConfigCpuTimer                 
1     00008112  _CpuTimer0                      
1     00000c00  _CpuTimer0Regs                  
1     00008102  _CpuTimer1                      
1     00000c08  _CpuTimer1Regs                  
1     0000810a  _CpuTimer2                      
1     00000c10  _CpuTimer2Regs                  
1     00000200  _CsmPwl                         
1     00000ae0  _CsmRegs                        
0     003f81a6  _CsmUnlock                      
0     003f800c  _DATALOG_ISR                    
0     003f85e4  _DSP28x_usDelay                 
1     00000880  _DevEmuRegs                     
0     003f8163  _DisableDog                     
0     003f8138  _ECAN0INTA_ISR                  
0     003f813d  _ECAN1INTA_ISR                  
1     00006040  _ECanaLAMRegs                   
1     000060c0  _ECanaMOTORegs                  
1     00006080  _ECanaMOTSRegs                  
1     00006100  _ECanaMboxes                    
1     00006000  _ECanaRegs                      
0     003f8142  _EMPTY_ISR                      
0     003f8016  _EMUINT_ISR                     
0     003f84e8  _EnableInterrupts               
1     00007400  _EvaRegs                        
1     00007500  _EvbRegs                        
1     00000a80  _FlashRegs                      
1     000070e0  _GpioDataRegs                   
1     000070c0  _GpioMuxRegs                    
0     003f8020  _ILLEGAL_ISR                    
0     003f8002  _INT13_ISR                      
0     003f8007  _INT14_ISR                      
0     003f824b  _InitCpuTimers                  
0     003f818c  _InitPeripheralClocks           
0     003f84c9  _InitPieCtrl                    
0     003f8515  _InitPieVectTable               
0     003f816b  _InitPll                        
0     003f8151  _InitSysCtrl                    
1     00008128  _IsrOverrun                     
0     003f8159  _KickDog                        
0     003f811a  _MRINTA_ISR                     
0     003f811f  _MXINTA_ISR                     
1     00007800  _McbspaRegs                     
0     003f801b  _NMI_ISR                        
0     003f8061  _PDPINTA_ISR                    
0     003f8066  _PDPINTB_ISR                    
0     003f8147  _PIE_RESERVED                   
1     00000ce0  _PieCtrlRegs                    
1     00000d00  _PieVectTable                   
1     00008000  _PieVectTableInit               
0     003f8011  _RTOSINT_ISR                    
0     003f8124  _SCIRXINTA_ISR                  
0     003f812e  _SCIRXINTB_ISR                  
0     003f8129  _SCITXINTA_ISR                  
0     003f8133  _SCITXINTB_ISR                  
0     003f8110  _SPIRXINTA_ISR                  
0     003f8115  _SPITXINTA_ISR                  
1     00007050  _SciaRegs                       
1     00007750  _ScibRegs                       
1     00007040  _SpiaRegs                       
1     00007010  _SysCtrlRegs                    
0     003f8098  _T1CINT_ISR                     
0     003f80a2  _T1OFINT_ISR                    
0     003f8093  _T1PINT_ISR                     
0     003f809d  _T1UFINT_ISR                    
0     003f80ac  _T2CINT_ISR                     
0     003f80b6  _T2OFINT_ISR                    
0     003f80a7  _T2PINT_ISR                     
0     003f80b1  _T2UFINT_ISR                    
0     003f80de  _T3CINT_ISR                     
0     003f80e8  _T3OFINT_ISR                    
0     003f80d9  _T3PINT_ISR                     
0     003f80e3  _T3UFINT_ISR                    
0     003f80f2  _T4CINT_ISR                     
0     003f80fc  _T4OFINT_ISR                    
0     003f80ed  _T4PINT_ISR                     
0     003f80f7  _T4UFINT_ISR                    
0     003f807a  _TINT0_ISR                      
0     003f844c  _TINT0_isr                      
0     003f8052  _USER10_ISR                     
0     003f8057  _USER11_ISR                     
0     003f805c  _USER12_ISR                     
0     003f8025  _USER1_ISR                      
0     003f802a  _USER2_ISR                      
0     003f802f  _USER3_ISR                      
0     003f8034  _USER4_ISR                      
0     003f8039  _USER5_ISR                      
0     003f803e  _USER6_ISR                      
0     003f8043  _USER7_ISR                      
0     003f8048  _USER8_ISR                      
0     003f804d  _USER9_ISR                      
0     003f807f  _WAKEINT_ISR                    
0     003f806b  _XINT1_ISR                      
0     003f8070  _XINT2_ISR                      
1     00007070  _XIntruptRegs                   
1     00000b20  _XintfRegs                      
1     00000200  __STACK_END                     
abs   00000200  __STACK_SIZE                    
1     0000811c  ___TI_cleanup_ptr               
1     0000811e  ___TI_dtors_ptr                 
1     0000811a  ___TI_enable_exit_profile_output
abs   ffffffff  ___TI_pprof_out_hndl            
abs   ffffffff  ___TI_prof_data_size            
abs   ffffffff  ___TI_prof_data_start           
abs   ffffffff  ___binit__                      
1     00008000  ___bss__                        
abs   ffffffff  ___c_args__                     
0     003f85be  ___cinit__                      
1     00008000  ___data__                       
1     00008000  ___edata__                      
1     00008000  ___end__                        
0     003f85be  ___etext__                      
abs   ffffffff  ___pinit__                      
0     003f8002  ___text__                       
0     003f8589  __args_main                     
1     0000812a  __lock                          
0     003f85aa  __nop                           
0     003f85a6  __register_lock                 
0     003f85a2  __register_unlock               
1     00000000  __stack                         
0     003f85bd  __system_post_cinit             
0     003f85bb  __system_pre_init               
1     0000812c  __unlock                        
0     003f8477  _abort                          
0     003f85ba  _c2000_flash_init               
0     003f836b  _c_int00                        
0     003f8410  _configureTimer0                
0     003f84f1  _copy_in                        
0     003f843e  _disableTimer0Interrupt         
0     003f81d7  _disableWatchdog                
0     003f8436  _enableTimer0Interrupt          
0     003f81e2  _enable_interrupts              
0     003f8479  _exit                           
0     003f85b7  _globalInterruptDisable         
0     003f85b3  _globalInterruptEnable          
0     003f81e6  _init_board                     
0     003f82c9  _main                           
0     003f8552  _memcpy                         
0     003f814c  _rsvd_ISR                       
1     00008122  _rtDW                           
1     00008100  _rtM                            
1     00008120  _rtM_                           
0     003f82b5  _rt_OneStep                     
1     00008127  _stopRequested                  
0     003f83fa  _test_initialize                
0     003f83bf  _test_step                      
abs   ffffffff  binit                           
0     003f85be  cinit                           
1     00008000  edata                           
1     00008000  end                             
0     003f85be  etext                           
abs   ffffffff  pinit                           


GLOBAL SYMBOLS: SORTED BY Symbol Address 

page  address   name                            
----  -------   ----                            
0     003f8002  .text                           
0     003f8002  _INT13_ISR                      
0     003f8002  ___text__                       
0     003f8007  _INT14_ISR                      
0     003f800c  _DATALOG_ISR                    
0     003f8011  _RTOSINT_ISR                    
0     003f8016  _EMUINT_ISR                     
0     003f801b  _NMI_ISR                        
0     003f8020  _ILLEGAL_ISR                    
0     003f8025  _USER1_ISR                      
0     003f802a  _USER2_ISR                      
0     003f802f  _USER3_ISR                      
0     003f8034  _USER4_ISR                      
0     003f8039  _USER5_ISR                      
0     003f803e  _USER6_ISR                      
0     003f8043  _USER7_ISR                      
0     003f8048  _USER8_ISR                      
0     003f804d  _USER9_ISR                      
0     003f8052  _USER10_ISR                     
0     003f8057  _USER11_ISR                     
0     003f805c  _USER12_ISR                     
0     003f8061  _PDPINTA_ISR                    
0     003f8066  _PDPINTB_ISR                    
0     003f806b  _XINT1_ISR                      
0     003f8070  _XINT2_ISR                      
0     003f8075  _ADCINT_ISR                     
0     003f807a  _TINT0_ISR                      
0     003f807f  _WAKEINT_ISR                    
0     003f8084  _CMP1INT_ISR                    
0     003f8089  _CMP2INT_ISR                    
0     003f808e  _CMP3INT_ISR                    
0     003f8093  _T1PINT_ISR                     
0     003f8098  _T1CINT_ISR                     
0     003f809d  _T1UFINT_ISR                    
0     003f80a2  _T1OFINT_ISR                    
0     003f80a7  _T2PINT_ISR                     
0     003f80ac  _T2CINT_ISR                     
0     003f80b1  _T2UFINT_ISR                    
0     003f80b6  _T2OFINT_ISR                    
0     003f80bb  _CAPINT1_ISR                    
0     003f80c0  _CAPINT2_ISR                    
0     003f80c5  _CAPINT3_ISR                    
0     003f80ca  _CMP4INT_ISR                    
0     003f80cf  _CMP5INT_ISR                    
0     003f80d4  _CMP6INT_ISR                    
0     003f80d9  _T3PINT_ISR                     
0     003f80de  _T3CINT_ISR                     
0     003f80e3  _T3UFINT_ISR                    
0     003f80e8  _T3OFINT_ISR                    
0     003f80ed  _T4PINT_ISR                     
0     003f80f2  _T4CINT_ISR                     
0     003f80f7  _T4UFINT_ISR                    
0     003f80fc  _T4OFINT_ISR                    
0     003f8101  _CAPINT4_ISR                    
0     003f8106  _CAPINT5_ISR                    
0     003f810b  _CAPINT6_ISR                    
0     003f8110  _SPIRXINTA_ISR                  
0     003f8115  _SPITXINTA_ISR                  
0     003f811a  _MRINTA_ISR                     
0     003f811f  _MXINTA_ISR                     
0     003f8124  _SCIRXINTA_ISR                  
0     003f8129  _SCITXINTA_ISR                  
0     003f812e  _SCIRXINTB_ISR                  
0     003f8133  _SCITXINTB_ISR                  
0     003f8138  _ECAN0INTA_ISR                  
0     003f813d  _ECAN1INTA_ISR                  
0     003f8142  _EMPTY_ISR                      
0     003f8147  _PIE_RESERVED                   
0     003f814c  _rsvd_ISR                       
0     003f8151  _InitSysCtrl                    
0     003f8159  _KickDog                        
0     003f8163  _DisableDog                     
0     003f816b  _InitPll                        
0     003f818c  _InitPeripheralClocks           
0     003f81a6  _CsmUnlock                      
0     003f81d7  _disableWatchdog                
0     003f81e2  _enable_interrupts              
0     003f81e6  _init_board                     
0     003f824b  _InitCpuTimers                  
0     003f8284  _ConfigCpuTimer                 
0     003f82b5  _rt_OneStep                     
0     003f82c9  _main                           
0     003f8311  FS$$MPY                         
0     003f836b  _c_int00                        
0     003f83bf  _test_step                      
0     003f83fa  _test_initialize                
0     003f8410  _configureTimer0                
0     003f8436  _enableTimer0Interrupt          
0     003f843e  _disableTimer0Interrupt         
0     003f844c  _TINT0_isr                      
0     003f8477  C$$EXIT                         
0     003f8477  _abort                          
0     003f8479  _exit                           
0     003f84a0  FS$$TOL                         
0     003f84c9  _InitPieCtrl                    
0     003f84e8  _EnableInterrupts               
0     003f84f1  _copy_in                        
0     003f8515  _InitPieVectTable               
0     003f8535  FS$$TOU                         
0     003f8552  _memcpy                         
0     003f856f  I$$TOFS                         
0     003f8589  __args_main                     
0     003f85a2  __register_unlock               
0     003f85a6  __register_lock                 
0     003f85aa  __nop                           
0     003f85b3  _globalInterruptEnable          
0     003f85b7  _globalInterruptDisable         
0     003f85ba  _c2000_flash_init               
0     003f85bb  __system_pre_init               
0     003f85bd  __system_post_cinit             
0     003f85be  ___cinit__                      
0     003f85be  ___etext__                      
0     003f85be  cinit                           
0     003f85be  etext                           
0     003f85e4  _DSP28x_usDelay                 
1     00000000  __stack                         
1     00000200  _CsmPwl                         
1     00000200  __STACK_END                     
1     00000880  _DevEmuRegs                     
1     00000a80  _FlashRegs                      
1     00000ae0  _CsmRegs                        
1     00000b20  _XintfRegs                      
1     00000c00  _CpuTimer0Regs                  
1     00000c08  _CpuTimer1Regs                  
1     00000c10  _CpuTimer2Regs                  
1     00000ce0  _PieCtrlRegs                    
1     00000d00  _PieVectTable                   
1     00006000  _ECanaRegs                      
1     00006040  _ECanaLAMRegs                   
1     00006080  _ECanaMOTSRegs                  
1     000060c0  _ECanaMOTORegs                  
1     00006100  _ECanaMboxes                    
1     00007010  _SysCtrlRegs                    
1     00007040  _SpiaRegs                       
1     00007050  _SciaRegs                       
1     00007070  _XIntruptRegs                   
1     000070c0  _GpioMuxRegs                    
1     000070e0  _GpioDataRegs                   
1     00007100  _AdcRegs                        
1     00007400  _EvaRegs                        
1     00007500  _EvbRegs                        
1     00007750  _ScibRegs                       
1     00007800  _McbspaRegs                     
1     00008000  .bss                            
1     00008000  .data                           
1     00008000  _PieVectTableInit               
1     00008000  ___bss__                        
1     00008000  ___data__                       
1     00008000  ___edata__                      
1     00008000  ___end__                        
1     00008000  edata                           
1     00008000  end                             
1     00008100  _rtM                            
1     00008102  _CpuTimer1                      
1     0000810a  _CpuTimer2                      
1     00008112  _CpuTimer0                      
1     0000811a  ___TI_enable_exit_profile_output
1     0000811c  ___TI_cleanup_ptr               
1     0000811e  ___TI_dtors_ptr                 
1     00008120  _rtM_                           
1     00008122  _rtDW                           
1     00008127  _stopRequested                  
1     00008128  _IsrOverrun                     
1     0000812a  __lock                          
1     0000812c  __unlock                        
abs   00000200  __STACK_SIZE                    
abs   ffffffff  ___TI_pprof_out_hndl            
abs   ffffffff  ___TI_prof_data_size            
abs   ffffffff  ___TI_prof_data_start           
abs   ffffffff  ___binit__                      
abs   ffffffff  ___c_args__                     
abs   ffffffff  ___pinit__                      
abs   ffffffff  binit                           
abs   ffffffff  pinit                           

[174 symbols]
