******************************************************************************
             TMS320C2000 Linker PC v16.9.2                     
******************************************************************************
>> Linked Sat Jul 24 22:34:49 2021

OUTPUT FILE NAME:   <../pid_C2000.out>
ENTRY POINT SYMBOL: "_c_int00"  address: 003d84e7


MEMORY CONFIGURATION

         name            origin    length      used     unused   attr    fill
----------------------  --------  ---------  --------  --------  ----  --------
PAGE 0:
  ZONE6P                00100000   00008000  00000000  00008000  RWIX
  OTP                   003d7800   00000800  00000000  00000800  RWIX
  FLASH                 003d8000   0001fff6  00000874  0001f782  RWIX
  BEGINFLASH            003f7ff6   00000002  00000002  00000000  RWIX
  CSM_PWL               003f7ff8   00000008  00000000  00000008  RWIX
  BEGINRAM              003f8000   00000002  00000000  00000002  RWIX
  RAMH0                 003f8002   00001ffe  0000001b  00001fe3  RWIX
  BOOTROM               003ff000   00000fc0  00000000  00000fc0  RWIX
  RESET                 003fffc0   00000002  00000000  00000002  RWIX
  VECTORS               003fffc2   0000003e  00000000  0000003e  RWIX

PAGE 1:
  RAMM0M1               00000000   00000800  00000208  000005f8  RWIX
  DEV_EMU               00000880   00000180  000000d0  000000b0  RWIX
  FLASH_REGS            00000a80   00000060  00000008  00000058  RWIX
  CSM                   00000ae0   00000010  00000010  00000000  RWIX
  XINTF                 00000b20   00000020  00000020  00000000  RWIX
  CPU_TIMER0            00000c00   00000008  00000008  00000000  RWIX
  CPU_TIMER1            00000c08   00000008  00000008  00000000  RWIX
  CPU_TIMER2            00000c10   00000008  00000008  00000000  RWIX
  PIE_CTRL              00000ce0   00000020  0000001a  00000006  RWIX
  PIE_VECT              00000d00   00000100  00000100  00000000  RWIX
  ECANA                 00006000   00000040  00000034  0000000c  RWIX
  ECANA_LAM             00006040   00000040  00000040  00000000  RWIX
  ECANA_MOTS            00006080   00000040  00000040  00000000  RWIX
  ECANA_MOTO            000060c0   00000040  00000040  00000000  RWIX
  ECANA_MBOX            00006100   00000100  00000100  00000000  RWIX
  SYSTEM                00007010   00000020  00000020  00000000  RWIX
  SPIA                  00007040   00000010  00000010  00000000  RWIX
  SCIA                  00007050   00000010  00000010  00000000  RWIX
  XINTRUPT              00007070   00000010  00000010  00000000  RWIX
  GPIOMUX               000070c0   00000020  00000020  00000000  RWIX
  GPIODAT               000070e0   00000020  00000020  00000000  RWIX
  ADC                   00007100   00000020  0000001a  00000006  RWIX
  EVA                   00007400   00000040  00000032  0000000e  RWIX
  EVB                   00007500   00000040  00000032  0000000e  RWIX
  SCIB                  00007750   00000010  00000010  00000000  RWIX
  MCBSPA                00007800   00000040  00000025  0000001b  RWIX
  RAML0L1               00008000   00002000  0000002c  00001fd4  RWIX
  ZONE6D                00108000   00008000  00000000  00008000  RWIX


SECTION ALLOCATION MAP

 output                                  attributes/
section   page    origin      length       input sections
--------  ----  ----------  ----------   ----------------
.text      0    003d8000    00000711     
                  003d8000    0000014f     DSP281x_DefaultIsr.obj (.text:retain)
                  003d814f    000000f8     MW_c28xx_csl.obj (.text)
                  003d8247    00000086     DSP281x_SysCtrl.obj (.text)
                  003d82cd    00000082     pid_C2000.obj (.text)
                  003d834f    00000078     rts2800_ml.lib : fs_add28.obj (.text)
                  003d83c7    0000006a     DSP281x_CpuTimers.obj (.text)
                  003d8431    0000005c     ert_main.obj (.text)
                  003d848d    0000005a     rts2800_ml.lib : fs_mpy28.obj (.text)
                  003d84e7    00000054                    : boot28.obj (.text)
                  003d853b    0000003c     c281xSchedulerTimer0.obj (.text)
                  003d8577    0000002b     c281xSchedulerTimer0.obj (.text:retain)
                  003d85a2    00000029     rts2800_ml.lib : exit.obj (.text)
                  003d85cb    00000029                    : fs_tol28.obj (.text)
                  003d85f4    00000028     DSP281x_PieCtrl.obj (.text)
                  003d861c    00000024     rts2800_ml.lib : cpy_tbl.obj (.text)
                  003d8640    00000020     DSP281x_PieVect.obj (.text)
                  003d8660    0000001d     rts2800_ml.lib : fs_tou28.obj (.text)
                  003d867d    0000001d                    : memcpy.obj (.text)
                  003d869a    0000001a                    : i_tofs28.obj (.text)
                  003d86b4    0000001a                    : l_tofs28.obj (.text)
                  003d86ce    00000019                    : args_main.obj (.text)
                  003d86e7    00000016     c281xBoard_Realtime_Support.obj (.text)
                  003d86fd    00000009     rts2800_ml.lib : _lock.obj (.text)
                  003d8706    00000008     DSP281x_CodeStartBranch.obj (.text)
                  003d870e    00000002     rts2800_ml.lib : pre_init.obj (.text)
                  003d8710    00000001                    : startup.obj (.text)

ramfuncs   0    003d8711    0000001b     RUN ADDR = 003f8002
                  003d8711    00000017     DSP281x_SysCtrl.obj (ramfuncs)
                  003d8728    00000004     DSP281x_usDelay.obj (ramfuncs)

.econst    0    003d872c    00000122     
                  003d872c    00000100     DSP281x_PieVect.obj (.econst:_PieVectTableInit)
                  003d882c    0000001f     pid_C2000.obj (.econst:.string)
                  003d884b    00000001     --HOLE-- [fill = 0]
                  003d884c    00000002     pid_C2000.obj (.econst)

.cinit     0    003d884e    00000026     
                  003d884e    0000000e     rts2800_ml.lib : exit.obj (.cinit)
                  003d885c    0000000c     ert_main.obj (.cinit)
                  003d8868    00000005     rts2800_ml.lib : _lock.obj (.cinit:__lock)
                  003d886d    00000005                    : _lock.obj (.cinit:__unlock)
                  003d8872    00000002     --HOLE-- [fill = 0]

codestart 
*          0    003f7ff6    00000002     
                  003f7ff6    00000002     DSP281x_CodeStartBranch.obj (codestart)

.stack     1    00000000    00000200     UNINITIALIZED
                  00000000    00000200     --HOLE--

CsmPwlFile 
*          1    00000200    00000008     UNINITIALIZED
                  00000200    00000008     DSP281x_GlobalVariableDefs.obj (CsmPwlFile)

DevEmuRegsFile 
*          1    00000880    000000d0     UNINITIALIZED
                  00000880    000000d0     DSP281x_GlobalVariableDefs.obj (DevEmuRegsFile)

FlashRegsFile 
*          1    00000a80    00000008     UNINITIALIZED
                  00000a80    00000008     DSP281x_GlobalVariableDefs.obj (FlashRegsFile)

CsmRegsFile 
*          1    00000ae0    00000010     UNINITIALIZED
                  00000ae0    00000010     DSP281x_GlobalVariableDefs.obj (CsmRegsFile)

XintfRegsFile 
*          1    00000b20    00000020     UNINITIALIZED
                  00000b20    00000020     DSP281x_GlobalVariableDefs.obj (XintfRegsFile)

CpuTimer0RegsFile 
*          1    00000c00    00000008     UNINITIALIZED
                  00000c00    00000008     DSP281x_GlobalVariableDefs.obj (CpuTimer0RegsFile)

CpuTimer1RegsFile 
*          1    00000c08    00000008     UNINITIALIZED
                  00000c08    00000008     DSP281x_GlobalVariableDefs.obj (CpuTimer1RegsFile)

CpuTimer2RegsFile 
*          1    00000c10    00000008     UNINITIALIZED
                  00000c10    00000008     DSP281x_GlobalVariableDefs.obj (CpuTimer2RegsFile)

PieCtrlRegsFile 
*          1    00000ce0    0000001a     UNINITIALIZED
                  00000ce0    0000001a     DSP281x_GlobalVariableDefs.obj (PieCtrlRegsFile)

PieVectTableFile 
*          1    00000d00    00000100     UNINITIALIZED
                  00000d00    00000100     DSP281x_GlobalVariableDefs.obj (PieVectTableFile)

ECanaRegsFile 
*          1    00006000    00000034     UNINITIALIZED
                  00006000    00000034     DSP281x_GlobalVariableDefs.obj (ECanaRegsFile)

ECanaLAMRegsFile 
*          1    00006040    00000040     UNINITIALIZED
                  00006040    00000040     DSP281x_GlobalVariableDefs.obj (ECanaLAMRegsFile)

ECanaMOTSRegsFile 
*          1    00006080    00000040     UNINITIALIZED
                  00006080    00000040     DSP281x_GlobalVariableDefs.obj (ECanaMOTSRegsFile)

ECanaMOTORegsFile 
*          1    000060c0    00000040     UNINITIALIZED
                  000060c0    00000040     DSP281x_GlobalVariableDefs.obj (ECanaMOTORegsFile)

ECanaMboxesFile 
*          1    00006100    00000100     UNINITIALIZED
                  00006100    00000100     DSP281x_GlobalVariableDefs.obj (ECanaMboxesFile)

SysCtrlRegsFile 
*          1    00007010    00000020     UNINITIALIZED
                  00007010    00000020     DSP281x_GlobalVariableDefs.obj (SysCtrlRegsFile)

SpiaRegsFile 
*          1    00007040    00000010     UNINITIALIZED
                  00007040    00000010     DSP281x_GlobalVariableDefs.obj (SpiaRegsFile)

SciaRegsFile 
*          1    00007050    00000010     UNINITIALIZED
                  00007050    00000010     DSP281x_GlobalVariableDefs.obj (SciaRegsFile)

XIntruptRegsFile 
*          1    00007070    00000010     UNINITIALIZED
                  00007070    00000010     DSP281x_GlobalVariableDefs.obj (XIntruptRegsFile)

GpioMuxRegsFile 
*          1    000070c0    00000020     UNINITIALIZED
                  000070c0    00000020     DSP281x_GlobalVariableDefs.obj (GpioMuxRegsFile)

GpioDataRegsFile 
*          1    000070e0    00000020     UNINITIALIZED
                  000070e0    00000020     DSP281x_GlobalVariableDefs.obj (GpioDataRegsFile)

AdcRegsFile 
*          1    00007100    0000001a     UNINITIALIZED
                  00007100    0000001a     DSP281x_GlobalVariableDefs.obj (AdcRegsFile)

EvaRegsFile 
*          1    00007400    00000032     UNINITIALIZED
                  00007400    00000032     DSP281x_GlobalVariableDefs.obj (EvaRegsFile)

EvbRegsFile 
*          1    00007500    00000032     UNINITIALIZED
                  00007500    00000032     DSP281x_GlobalVariableDefs.obj (EvbRegsFile)

ScibRegsFile 
*          1    00007750    00000010     UNINITIALIZED
                  00007750    00000010     DSP281x_GlobalVariableDefs.obj (ScibRegsFile)

McbspaRegsFile 
*          1    00007800    00000025     UNINITIALIZED
                  00007800    00000025     DSP281x_GlobalVariableDefs.obj (McbspaRegsFile)

.bss       1    00008000    00000000     UNINITIALIZED

.ebss      1    00008000    0000002c     UNINITIALIZED
                  00008000    00000018     DSP281x_CpuTimers.obj (.ebss)
                  00008018    00000006     pid_C2000.obj (.ebss)
                  0000801e    00000006     rts2800_ml.lib : exit.obj (.ebss)
                  00008024    00000003     ert_main.obj (.ebss)
                  00008027    00000001     --HOLE--
                  00008028    00000002     rts2800_ml.lib : _lock.obj (.ebss:__lock)
                  0000802a    00000002                    : _lock.obj (.ebss:__unlock)

.pinit     0    003d8000    00000000     UNINITIALIZED

.reset     0    003fffc0    00000002     DSECT
                  003fffc0    00000002     rts2800_ml.lib : boot28.obj (.reset)

.data      1    00008000    00000000     UNINITIALIZED

MODULE SUMMARY

       Module                            code   initialized data   uninitialized data
       ------                            ----   ----------------   ------------------
    <current directory>
       DSP281x_GlobalVariableDefs.obj    0      0                  1401              
       DSP281x_DefaultIsr.obj            335    0                  0                 
       DSP281x_PieVect.obj               32     256                0                 
       MW_c28xx_csl.obj                  248    0                  0                 
       DSP281x_SysCtrl.obj               180    0                  0                 
       pid_C2000.obj                     130    33                 6                 
       DSP281x_CpuTimers.obj             106    0                  24                
       ert_main.obj                      92     12                 3                 
       c281xSchedulerTimer0.obj          103    0                  0                 
       DSP281x_PieCtrl.obj               40     0                  0                 
       c281xBoard_Realtime_Support.obj   22     0                  0                 
       DSP281x_CodeStartBranch.obj       10     0                  0                 
       DSP281x_usDelay.obj               8      0                  0                 
    +--+---------------------------------+------+------------------+--------------------+
       Total:                            1306   301                1434              
                                                                                     
    C:/PROGRA~3/MATLAB/SUPPOR~1/R2018a/3P778C~1.INS/TIC200~1.INS/TI-CGT~1.LTS/lib/rts2800_ml.lib
       fs_add28.obj                      120    0                  0                 
       fs_mpy28.obj                      90     0                  0                 
       boot28.obj                        84     0                  0                 
       exit.obj                          41     14                 6                 
       fs_tol28.obj                      41     0                  0                 
       cpy_tbl.obj                       36     0                  0                 
       fs_tou28.obj                      29     0                  0                 
       memcpy.obj                        29     0                  0                 
       i_tofs28.obj                      26     0                  0                 
       l_tofs28.obj                      26     0                  0                 
       args_main.obj                     25     0                  0                 
       _lock.obj                         9      10                 4                 
       pre_init.obj                      2      0                  0                 
       startup.obj                       1      0                  0                 
    +--+---------------------------------+------+------------------+--------------------+
       Total:                            559    24                 10                
                                                                                     
       Stack:                            0      0                  512               
    +--+---------------------------------+------+------------------+--------------------+
       Grand Total:                      1865   325                1956              


GLOBAL DATA SYMBOLS: SORTED BY DATA PAGE

address     data page           name
--------    ----------------    ----
00000000       0 (00000000)     __stack

00000200       8 (00000200)     _CsmPwl

00000880      22 (00000880)     _DevEmuRegs

00000a80      2a (00000a80)     _FlashRegs

00000ae0      2b (00000ac0)     _CsmRegs

00000b20      2c (00000b00)     _XintfRegs

00000c00      30 (00000c00)     _CpuTimer0Regs
00000c08      30 (00000c00)     _CpuTimer1Regs
00000c10      30 (00000c00)     _CpuTimer2Regs

00000ce0      33 (00000cc0)     _PieCtrlRegs

00000d00      34 (00000d00)     _PieVectTable

00006000     180 (00006000)     _ECanaRegs

00006040     181 (00006040)     _ECanaLAMRegs

00006080     182 (00006080)     _ECanaMOTSRegs

000060c0     183 (000060c0)     _ECanaMOTORegs

00006100     184 (00006100)     _ECanaMboxes

00007010     1c0 (00007000)     _SysCtrlRegs

00007040     1c1 (00007040)     _SpiaRegs
00007050     1c1 (00007040)     _SciaRegs
00007070     1c1 (00007040)     _XIntruptRegs

000070c0     1c3 (000070c0)     _GpioMuxRegs
000070e0     1c3 (000070c0)     _GpioDataRegs

00007100     1c4 (00007100)     _AdcRegs

00007400     1d0 (00007400)     _EvaRegs

00007500     1d4 (00007500)     _EvbRegs

00007750     1dd (00007740)     _ScibRegs

00007800     1e0 (00007800)     _McbspaRegs

00008000     200 (00008000)     _CpuTimer1
00008008     200 (00008000)     _CpuTimer2
00008010     200 (00008000)     _CpuTimer0
00008018     200 (00008000)     _rtM_
0000801a     200 (00008000)     _rtDW
0000801e     200 (00008000)     ___TI_enable_exit_profile_output
00008020     200 (00008000)     ___TI_cleanup_ptr
00008022     200 (00008000)     ___TI_dtors_ptr
00008025     200 (00008000)     _stopRequested
00008026     200 (00008000)     _IsrOverrun
00008028     200 (00008000)     __lock
0000802a     200 (00008000)     __unlock

003d872c    f61c (003d8700)     _PieVectTableInit

003d884c    f621 (003d8840)     _rtM


GLOBAL SYMBOLS: SORTED ALPHABETICALLY BY Name 

page  address   name                            
----  -------   ----                            
1     00008000  .bss                            
1     00008000  .data                           
0     003d8000  .text                           
0     003d85a2  C$$EXIT                         
0     003d8354  FS$$ADD                         
0     003d848d  FS$$MPY                         
0     003d834f  FS$$SUB                         
0     003d85cb  FS$$TOL                         
0     003d8660  FS$$TOU                         
0     003d869a  I$$TOFS                         
0     003d86b4  L$$TOFS                         
0     003d8073  _ADCINT_ISR                     
1     00007100  _AdcRegs                        
0     003d80b9  _CAPINT1_ISR                    
0     003d80be  _CAPINT2_ISR                    
0     003d80c3  _CAPINT3_ISR                    
0     003d80ff  _CAPINT4_ISR                    
0     003d8104  _CAPINT5_ISR                    
0     003d8109  _CAPINT6_ISR                    
0     003d8082  _CMP1INT_ISR                    
0     003d8087  _CMP2INT_ISR                    
0     003d808c  _CMP3INT_ISR                    
0     003d80c8  _CMP4INT_ISR                    
0     003d80cd  _CMP5INT_ISR                    
0     003d80d2  _CMP6INT_ISR                    
0     003d8400  _ConfigCpuTimer                 
1     00008010  _CpuTimer0                      
1     00000c00  _CpuTimer0Regs                  
1     00008000  _CpuTimer1                      
1     00000c08  _CpuTimer1Regs                  
1     00008008  _CpuTimer2                      
1     00000c10  _CpuTimer2Regs                  
1     00000200  _CsmPwl                         
1     00000ae0  _CsmRegs                        
0     003d829c  _CsmUnlock                      
0     003d800a  _DATALOG_ISR                    
0     003f8019  _DSP28x_usDelay                 
1     00000880  _DevEmuRegs                     
0     003d8259  _DisableDog                     
0     003d8136  _ECAN0INTA_ISR                  
0     003d813b  _ECAN1INTA_ISR                  
1     00006040  _ECanaLAMRegs                   
1     000060c0  _ECanaMOTORegs                  
1     00006080  _ECanaMOTSRegs                  
1     00006100  _ECanaMboxes                    
1     00006000  _ECanaRegs                      
0     003d8140  _EMPTY_ISR                      
0     003d8014  _EMUINT_ISR                     
0     003d8613  _EnableInterrupts               
1     00007400  _EvaRegs                        
1     00007500  _EvbRegs                        
1     00000a80  _FlashRegs                      
1     000070e0  _GpioDataRegs                   
1     000070c0  _GpioMuxRegs                    
0     003d801e  _ILLEGAL_ISR                    
0     003d8000  _INT13_ISR                      
0     003d8005  _INT14_ISR                      
0     003d83c7  _InitCpuTimers                  
0     003f8002  _InitFlash                      
0     003d8282  _InitPeripheralClocks           
0     003d85f4  _InitPieCtrl                    
0     003d8640  _InitPieVectTable               
0     003d8261  _InitPll                        
0     003d8247  _InitSysCtrl                    
1     00008026  _IsrOverrun                     
0     003d824f  _KickDog                        
0     003d8118  _MRINTA_ISR                     
0     003d811d  _MXINTA_ISR                     
1     00007800  _McbspaRegs                     
0     003d8019  _NMI_ISR                        
0     003d805f  _PDPINTA_ISR                    
0     003d8064  _PDPINTB_ISR                    
0     003d8145  _PIE_RESERVED                   
1     00000ce0  _PieCtrlRegs                    
1     00000d00  _PieVectTable                   
0     003d872c  _PieVectTableInit               
0     003d800f  _RTOSINT_ISR                    
0     003d872c  _RamfuncsLoadEnd                
0     003d8711  _RamfuncsLoadStart              
0     003f8002  _RamfuncsRunStart               
0     003d8122  _SCIRXINTA_ISR                  
0     003d812c  _SCIRXINTB_ISR                  
0     003d8127  _SCITXINTA_ISR                  
0     003d8131  _SCITXINTB_ISR                  
0     003d810e  _SPIRXINTA_ISR                  
0     003d8113  _SPITXINTA_ISR                  
1     00007050  _SciaRegs                       
1     00007750  _ScibRegs                       
1     00007040  _SpiaRegs                       
1     00007010  _SysCtrlRegs                    
0     003d8096  _T1CINT_ISR                     
0     003d80a0  _T1OFINT_ISR                    
0     003d8091  _T1PINT_ISR                     
0     003d809b  _T1UFINT_ISR                    
0     003d80aa  _T2CINT_ISR                     
0     003d80b4  _T2OFINT_ISR                    
0     003d80a5  _T2PINT_ISR                     
0     003d80af  _T2UFINT_ISR                    
0     003d80dc  _T3CINT_ISR                     
0     003d80e6  _T3OFINT_ISR                    
0     003d80d7  _T3PINT_ISR                     
0     003d80e1  _T3UFINT_ISR                    
0     003d80f0  _T4CINT_ISR                     
0     003d80fa  _T4OFINT_ISR                    
0     003d80eb  _T4PINT_ISR                     
0     003d80f5  _T4UFINT_ISR                    
0     003d8078  _TINT0_ISR                      
0     003d8577  _TINT0_isr                      
0     003d8050  _USER10_ISR                     
0     003d8055  _USER11_ISR                     
0     003d805a  _USER12_ISR                     
0     003d8023  _USER1_ISR                      
0     003d8028  _USER2_ISR                      
0     003d802d  _USER3_ISR                      
0     003d8032  _USER4_ISR                      
0     003d8037  _USER5_ISR                      
0     003d803c  _USER6_ISR                      
0     003d8041  _USER7_ISR                      
0     003d8046  _USER8_ISR                      
0     003d804b  _USER9_ISR                      
0     003d807d  _WAKEINT_ISR                    
0     003d8069  _XINT1_ISR                      
0     003d806e  _XINT2_ISR                      
1     00007070  _XIntruptRegs                   
1     00000b20  _XintfRegs                      
1     00000200  __STACK_END                     
abs   00000200  __STACK_SIZE                    
1     00008020  ___TI_cleanup_ptr               
1     00008022  ___TI_dtors_ptr                 
1     0000801e  ___TI_enable_exit_profile_output
abs   ffffffff  ___TI_pprof_out_hndl            
abs   ffffffff  ___TI_prof_data_size            
abs   ffffffff  ___TI_prof_data_start           
abs   ffffffff  ___binit__                      
1     00008000  ___bss__                        
abs   ffffffff  ___c_args__                     
0     003d884e  ___cinit__                      
1     00008000  ___data__                       
1     00008000  ___edata__                      
1     00008000  ___end__                        
0     003d8711  ___etext__                      
abs   ffffffff  ___pinit__                      
0     003d8000  ___text__                       
0     003d86ce  __args_main                     
1     00008028  __lock                          
0     003d8705  __nop                           
0     003d8701  __register_lock                 
0     003d86fd  __register_unlock               
1     00000000  __stack                         
0     003d8710  __system_post_cinit             
0     003d870e  __system_pre_init               
1     0000802a  __unlock                        
0     003d85a2  _abort                          
0     003d86ee  _c2000_flash_init               
0     003d84e7  _c_int00                        
0     003d815a  _config_PWM_A                   
0     003d81b6  _config_QEP_A                   
0     003d853b  _configureTimer0                
0     003d861c  _copy_in                        
0     003d8569  _disableTimer0Interrupt         
0     003d814f  _disableWatchdog                
0     003d8561  _enableTimer0Interrupt          
0     003d81de  _enable_interrupts              
0     003d85a4  _exit                           
0     003d86eb  _globalInterruptDisable         
0     003d86e7  _globalInterruptEnable          
0     003d81e2  _init_board                     
0     003d8445  _main                           
0     003d867d  _memcpy                         
0     003d8316  _pid_C2000_initialize           
0     003d82cd  _pid_C2000_step                 
0     003d814a  _rsvd_ISR                       
1     0000801a  _rtDW                           
0     003d884c  _rtM                            
1     00008018  _rtM_                           
0     003d8431  _rt_OneStep                     
1     00008025  _stopRequested                  
abs   ffffffff  binit                           
0     003d884e  cinit                           
1     00008000  edata                           
1     00008000  end                             
0     003d8711  etext                           
abs   ffffffff  pinit                           


GLOBAL SYMBOLS: SORTED BY Symbol Address 

page  address   name                            
----  -------   ----                            
0     003d8000  .text                           
0     003d8000  _INT13_ISR                      
0     003d8000  ___text__                       
0     003d8005  _INT14_ISR                      
0     003d800a  _DATALOG_ISR                    
0     003d800f  _RTOSINT_ISR                    
0     003d8014  _EMUINT_ISR                     
0     003d8019  _NMI_ISR                        
0     003d801e  _ILLEGAL_ISR                    
0     003d8023  _USER1_ISR                      
0     003d8028  _USER2_ISR                      
0     003d802d  _USER3_ISR                      
0     003d8032  _USER4_ISR                      
0     003d8037  _USER5_ISR                      
0     003d803c  _USER6_ISR                      
0     003d8041  _USER7_ISR                      
0     003d8046  _USER8_ISR                      
0     003d804b  _USER9_ISR                      
0     003d8050  _USER10_ISR                     
0     003d8055  _USER11_ISR                     
0     003d805a  _USER12_ISR                     
0     003d805f  _PDPINTA_ISR                    
0     003d8064  _PDPINTB_ISR                    
0     003d8069  _XINT1_ISR                      
0     003d806e  _XINT2_ISR                      
0     003d8073  _ADCINT_ISR                     
0     003d8078  _TINT0_ISR                      
0     003d807d  _WAKEINT_ISR                    
0     003d8082  _CMP1INT_ISR                    
0     003d8087  _CMP2INT_ISR                    
0     003d808c  _CMP3INT_ISR                    
0     003d8091  _T1PINT_ISR                     
0     003d8096  _T1CINT_ISR                     
0     003d809b  _T1UFINT_ISR                    
0     003d80a0  _T1OFINT_ISR                    
0     003d80a5  _T2PINT_ISR                     
0     003d80aa  _T2CINT_ISR                     
0     003d80af  _T2UFINT_ISR                    
0     003d80b4  _T2OFINT_ISR                    
0     003d80b9  _CAPINT1_ISR                    
0     003d80be  _CAPINT2_ISR                    
0     003d80c3  _CAPINT3_ISR                    
0     003d80c8  _CMP4INT_ISR                    
0     003d80cd  _CMP5INT_ISR                    
0     003d80d2  _CMP6INT_ISR                    
0     003d80d7  _T3PINT_ISR                     
0     003d80dc  _T3CINT_ISR                     
0     003d80e1  _T3UFINT_ISR                    
0     003d80e6  _T3OFINT_ISR                    
0     003d80eb  _T4PINT_ISR                     
0     003d80f0  _T4CINT_ISR                     
0     003d80f5  _T4UFINT_ISR                    
0     003d80fa  _T4OFINT_ISR                    
0     003d80ff  _CAPINT4_ISR                    
0     003d8104  _CAPINT5_ISR                    
0     003d8109  _CAPINT6_ISR                    
0     003d810e  _SPIRXINTA_ISR                  
0     003d8113  _SPITXINTA_ISR                  
0     003d8118  _MRINTA_ISR                     
0     003d811d  _MXINTA_ISR                     
0     003d8122  _SCIRXINTA_ISR                  
0     003d8127  _SCITXINTA_ISR                  
0     003d812c  _SCIRXINTB_ISR                  
0     003d8131  _SCITXINTB_ISR                  
0     003d8136  _ECAN0INTA_ISR                  
0     003d813b  _ECAN1INTA_ISR                  
0     003d8140  _EMPTY_ISR                      
0     003d8145  _PIE_RESERVED                   
0     003d814a  _rsvd_ISR                       
0     003d814f  _disableWatchdog                
0     003d815a  _config_PWM_A                   
0     003d81b6  _config_QEP_A                   
0     003d81de  _enable_interrupts              
0     003d81e2  _init_board                     
0     003d8247  _InitSysCtrl                    
0     003d824f  _KickDog                        
0     003d8259  _DisableDog                     
0     003d8261  _InitPll                        
0     003d8282  _InitPeripheralClocks           
0     003d829c  _CsmUnlock                      
0     003d82cd  _pid_C2000_step                 
0     003d8316  _pid_C2000_initialize           
0     003d834f  FS$$SUB                         
0     003d8354  FS$$ADD                         
0     003d83c7  _InitCpuTimers                  
0     003d8400  _ConfigCpuTimer                 
0     003d8431  _rt_OneStep                     
0     003d8445  _main                           
0     003d848d  FS$$MPY                         
0     003d84e7  _c_int00                        
0     003d853b  _configureTimer0                
0     003d8561  _enableTimer0Interrupt          
0     003d8569  _disableTimer0Interrupt         
0     003d8577  _TINT0_isr                      
0     003d85a2  C$$EXIT                         
0     003d85a2  _abort                          
0     003d85a4  _exit                           
0     003d85cb  FS$$TOL                         
0     003d85f4  _InitPieCtrl                    
0     003d8613  _EnableInterrupts               
0     003d861c  _copy_in                        
0     003d8640  _InitPieVectTable               
0     003d8660  FS$$TOU                         
0     003d867d  _memcpy                         
0     003d869a  I$$TOFS                         
0     003d86b4  L$$TOFS                         
0     003d86ce  __args_main                     
0     003d86e7  _globalInterruptEnable          
0     003d86eb  _globalInterruptDisable         
0     003d86ee  _c2000_flash_init               
0     003d86fd  __register_unlock               
0     003d8701  __register_lock                 
0     003d8705  __nop                           
0     003d870e  __system_pre_init               
0     003d8710  __system_post_cinit             
0     003d8711  _RamfuncsLoadStart              
0     003d8711  ___etext__                      
0     003d8711  etext                           
0     003d872c  _PieVectTableInit               
0     003d872c  _RamfuncsLoadEnd                
0     003d884c  _rtM                            
0     003d884e  ___cinit__                      
0     003d884e  cinit                           
0     003f8002  _InitFlash                      
0     003f8002  _RamfuncsRunStart               
0     003f8019  _DSP28x_usDelay                 
1     00000000  __stack                         
1     00000200  _CsmPwl                         
1     00000200  __STACK_END                     
1     00000880  _DevEmuRegs                     
1     00000a80  _FlashRegs                      
1     00000ae0  _CsmRegs                        
1     00000b20  _XintfRegs                      
1     00000c00  _CpuTimer0Regs                  
1     00000c08  _CpuTimer1Regs                  
1     00000c10  _CpuTimer2Regs                  
1     00000ce0  _PieCtrlRegs                    
1     00000d00  _PieVectTable                   
1     00006000  _ECanaRegs                      
1     00006040  _ECanaLAMRegs                   
1     00006080  _ECanaMOTSRegs                  
1     000060c0  _ECanaMOTORegs                  
1     00006100  _ECanaMboxes                    
1     00007010  _SysCtrlRegs                    
1     00007040  _SpiaRegs                       
1     00007050  _SciaRegs                       
1     00007070  _XIntruptRegs                   
1     000070c0  _GpioMuxRegs                    
1     000070e0  _GpioDataRegs                   
1     00007100  _AdcRegs                        
1     00007400  _EvaRegs                        
1     00007500  _EvbRegs                        
1     00007750  _ScibRegs                       
1     00007800  _McbspaRegs                     
1     00008000  .bss                            
1     00008000  .data                           
1     00008000  _CpuTimer1                      
1     00008000  ___bss__                        
1     00008000  ___data__                       
1     00008000  ___edata__                      
1     00008000  ___end__                        
1     00008000  edata                           
1     00008000  end                             
1     00008008  _CpuTimer2                      
1     00008010  _CpuTimer0                      
1     00008018  _rtM_                           
1     0000801a  _rtDW                           
1     0000801e  ___TI_enable_exit_profile_output
1     00008020  ___TI_cleanup_ptr               
1     00008022  ___TI_dtors_ptr                 
1     00008025  _stopRequested                  
1     00008026  _IsrOverrun                     
1     00008028  __lock                          
1     0000802a  __unlock                        
abs   00000200  __STACK_SIZE                    
abs   ffffffff  ___TI_pprof_out_hndl            
abs   ffffffff  ___TI_prof_data_size            
abs   ffffffff  ___TI_prof_data_start           
abs   ffffffff  ___binit__                      
abs   ffffffff  ___c_args__                     
abs   ffffffff  ___pinit__                      
abs   ffffffff  binit                           
abs   ffffffff  pinit                           

[183 symbols]
